crear archivo en escritorio
crear repositorio en github con el mismo nombre de carpeta
o crear un nuevo repositorio en la línea de comando
echo "# pet-stylo" >> README.md

panel de control>cuentas>administrador de credenciales>credenciales de windows>quitar cuentas de github(indispensable hacerlo para enlazar cuenta)

en git bash: AMBIENTE 201@DESKTOP-JM874TI MINGW64 ~/Desktop/pet-stylo
$ git config --global user.name "LordProgrammeur"

AMBIENTE 201@DESKTOP-JM874TI MINGW64 ~/Desktop/pet-stylo
$ git config --global user.email "david91ortiz14@gmail.com"

AMBIENTE 201@DESKTOP-JM874TI MINGW64 ~/Desktop/pet-stylo
$ git init
Initialized empty Git repository in C:/Users/AMBIENTE 314/Desktop/pet-stylo/.git/

Cambiar a rama main
-M 
AMBIENTE 201@DESKTOP-JM874TI MINGW64 ~/Desktop/pet-stylo (master)
$ git branch -M main

AMBIENTE 201@DESKTOP-JM874TI MINGW64 ~/Desktop/pet-stylo (main)
$ git remote add origin https://github.com/LordProgrammeur/pet-stylo.git
 (esta conectando con el repositorio que queremos)

AMBIENTE 201@DESKTOP-JM874TI MINGW64 ~/Desktop/pet-stylo (main)
$ git add .(poner el area de preparacion, el espacio . son todos los cambios que se hizo en la pagina)

AMBIENTE 201@DESKTOP-JM874TI MINGW64 ~/Desktop/pet-stylo (main)
$ git commit -m "creacion-login" (punto de restauracion del proyecto)

Despues de que se crea por primera vez que el repositorio se usa: 
git push -u origin main (importante)>sale letrero para entrar por navegador>copiar url y pegar en otro motor de busqueda y tiene que salir esto en consola:
Enumerating objects: 3, done.
Counting objects: 100% (3/3), done.
Delta compression using up to 8 threads
Compressing objects: 100% (2/2), done.
Writing objects: 100% (3/3), 801 bytes | 801.00 KiB/s, done.
Total 3 (delta 0), reused 0 (delta 0), pack-reused 0 (from 0)
To https://github.com/LordProgrammeur/pet-stylo.git
 * [new branch]      main -> main
branch 'main' set up to track 'origin/main'.

Recargar pagina y verificar que las carpetas esten en el github

Para actualizar el github con nuevos archivos o modificaciones en proyecto de nuevo se utiliza:

AMBIENTE 201@DESKTOP-JM874TI MINGW64 ~/Desktop/pet-stylo (main)
$ git add .

AMBIENTE 201@DESKTOP-JM874TI MINGW64 ~/Desktop/pet-stylo (main)
$ git commit -m "actualizar carpeta"
[main b610fd0] actualizar carpeta
 2 files changed, 76 insertions(+), 11 deletions(-)
 create mode 100644 docs/instrucciones github.txt

AMBIENTE 201@DESKTOP-JM874TI MINGW64 ~/Desktop/pet-stylo (main)
$ git push -u origin main(si ya estan enlazadas las carpetas solo hacemos git push)
Enumerating objects: 7, done.
Counting objects: 100% (7/7), done.
Delta compression using up to 8 threads
Compressing objects: 100% (5/5), done.
Writing objects: 100% (5/5), 1.09 KiB | 1.09 MiB/s, done.
Total 5 (delta 2), reused 0 (delta 0), pack-reused 0 (from 0)
remote: Resolving deltas: 100% (2/2), completed with 1 local object.
To https://github.com/LordProgrammeur/pet-stylo.git
   35544f1..b610fd0  main -> main
branch 'main' set up to track 'origin/main'.

clear para limpiar todo

Clonar proyecto:

Abrir cuenta github en pc master>en la pagina you repositorio>abro proyecto>click derecho en escriotio y abrir gitbash> y los siguientes comandos got clone > abrir en la pagina el code del pryecto y pegar despues del git clone el url
> crea de nuevo la carpeta y entro en la misa y con click derecho git bash here para que en consola abra el proyecto de una.

Abri en otro pc para trabajar y de nuevo estos comandos:

AMBIENTE 201@DESKTOP-JM874TI MINGW64 ~/Desktop/pet-stylo
$ git config --global user.name "LordProgrammeur"

AMBIENTE 201@DESKTOP-JM874TI MINGW64 ~/Desktop/pet-stylo
$ git config --global user.email "david91ortiz14@gmail.com"

(importannte)Para abrir de nuevo proyecto en pc de casa cuando se modificaron archivos en otro pc:
Abrir la carpeta del proyecto y click derecho git bash  here e inmediatamente comando
$git pull

$ git add -A: envia todos los archivos a la vez. 

$ git status: muestra lista de los archivos en el area de trabajo.
	despues de que se modifica un archivo y se le da status sale modify.

PC-MASTER-DAVE@PC-MASTER-DAVE MINGW64 ~/Desktop/Instrucciones github (main)
$ git status
On branch main
Your branch is up to date with 'origin/main'.

Changes not staged for commit:
  (use "git add <file>..." to update what will be committed)
  (use "git restore <file>..." to discard changes in working directory)
        modified:   instrucciones github.txt

no changes added to commit (use "git add" and/or "git commit -a")

git branch -d: elimina una rama especifica del repositorio.

git merge: permite unir una rama secundaria con una principal.

Proteger rama master: dentro del repositorio ir a settings> branches > branch name pattern y escribir master > chulear primera opcion: require pull request review..... > chulear dismiss stale pull.... y require review from... > create

Eliminar credenciales en git:$ git credentials-manager delete https://github.com/

Ver nombre de usuario y email que figuran en git:$ git config --global user.name
PC-MASTER-DAVE@PC-MASTER-DAVE MINGW64 ~/Desktop/pet-stylo (main)
$ git config --global user.name
LordProgrammeur

Cambiar nombre de ususario en proyecto
PC-MASTER-DAVE@PC-MASTER-DAVE MINGW64 ~/Desktop/pet-stylo (main)
$ git config --global user.name "poner el nombre que se le quiere dar"

Ver email de cuenta principal
PC-MASTER-DAVE@PC-MASTER-DAVE MINGW64 ~/Desktop/pet-stylo (main)
$ git config --global user.email
david91ortiz14@gmail.com

Cambiar email de cuenta principal
PC-MASTER-DAVE@PC-MASTER-DAVE MINGW64 ~/Desktop/pet-stylo (main)
$ git config --global user.email "ponel el email"
david91ortiz14@gmail.com

git branch: mirar que ramas hay en el repositorio.

git branch nombre de nueva rama: crear nueva rama

PC-MASTER-DAVE@PC-MASTER-DAVE MINGW64 ~/Desktop/pet-stylo/Software (main)
$ git branch login

Mirara cuantas ramas hay ahora
PC-MASTER-DAVE@PC-MASTER-DAVE MINGW64 ~/Desktop/pet-stylo/Software (main)
$ git branch
  login
* main el asterisco indica que esta situado en rama main mas no en login

git checkout: permite cambiar de ramas.

PC-MASTER-DAVE@PC-MASTER-DAVE MINGW64 ~/Desktop/pet-stylo/Software (main)
$ git checkout login
Switched to branch 'login'

Enviar rama creada a repositorio original:
git push --set-upstream origin login (login es el nombre de la rama)

Se actualiza y sale: Total 0 (delta 0), reused 0 (delta 0), pack-reused 0
remote:
remote: Create a pull request for 'login' on GitHub by visiting:
remote:      https://github.com/LordProgrammeur/pet-stylo/pull/new/login
remote:
To https://github.com/LordProgrammeur/pet-stylo.git
 * [new branch]      login -> login
branch 'login' set up to track 'origin/login'.

Si queremos ver las modioficaciones que se han hecho: 
PC-MASTER-DAVE@PC-MASTER-DAVE MINGW64 ~/Desktop/pet-stylo/login-petstylo (login)
$ git status
Y sale: On branch login
Your branch is up to date with 'origin/login'.

Changes not staged for commit:
  (use "git add <file>..." to update what will be committed)
  (use "git restore <file>..." to discard changes in working directory)
        modified:   login.php

no changes added to commit (use "git add" and/or "git commit -a")

Despúes se puede ir a modificar el codigo y > PC-MASTER-DAVE@PC-MASTER-DAVE MINGW64 ~/Desktop/pet-stylo/login-petstylo (login)
$ git add -A

PC-MASTER-DAVE@PC-MASTER-DAVE MINGW64 ~/Desktop/pet-stylo/login-petstylo (login)
$ git commit -m "se esta probando con git"
[login 3871ad1] se esta probando con git
 1 file changed, 1 insertion(+)

PC-MASTER-DAVE@PC-MASTER-DAVE MINGW64 ~/Desktop/pet-stylo/login-petstylo (login)
$ git push
Enumerating objects: 7, done.
Counting objects: 100% (7/7), done.
Delta compression using up to 12 threads
Compressing objects: 100% (4/4), done.
Writing objects: 100% (4/4), 416 bytes | 416.00 KiB/s, done.
Total 4 (delta 2), reused 0 (delta 0), pack-reused 0
remote: Resolving deltas: 100% (2/2), completed with 2 local objects.
To https://github.com/LordProgrammeur/pet-stylo.git
   f044c54..3871ad1  login -> login


Cambiar nombre de rama: git branch ramita rama1 (ramita es el nombre anterior de la rama, rama1 es el nuevo nombre de la rama)

Desligar archivo local de repositorio en github: entramos a la carpeta ligada> git bash> digitamos rm -rf .git

Pedir a propietario que actualice proyecto: ir a branch > mi rama > new pull request > pedimos a usuario principal habilitar merge titulo y descripcion de ajustes

El que autoriza: vamos al repositorio > pull reques de epstaña arriba > click en rama 
> para revisar add you review en esquina superior derecha 
> review changes en esquina superior derecha > approve o que haga nuevos cambios > submit review > vamos a code y vemos las ramas que se unieron

Eliminar rama despues de que se hicieron cambios: ubicarse en master (importante porque desde la carpeta raiz no permite cambios)
> git branch -d login (login es nombre de rama)

para verificar si se elimino: git branch y ver que solo este rama master > para subir a git es git push origin :login (login es nombre de rama)